---
source: src/codemod.rs
description: "\nexport default function Route() {\n  return <div>hello</div>;\n}\n        "
expression: "codemod(input, source_type).unwrap()"
---
        
export default defineRoute({
  Component() {
    return <div>hello</div>;
  },
});
