---
source: src/codemod.rs
description: "export function loader() {\n  return { hello: \"world\" };\n}\n"
expression: "codemod(&input, source_type).unwrap()"
---
export default defineRoute({
  serverLoader() {
    return { hello: "world" };
  },
});
