---
source: src/codemod.rs
description: "\nexport const loader = () => ({ hello: \"world\" });\n        "
expression: "codemod(input, source_type).unwrap()"
---
        
export default defineRoute({
  loader: () => ({ hello: "world" }),
});
