---
source: src/codemod.rs
description: "export const loader = async () => {\n  return { hello: \"world\" };\n}\n"
expression: "codemod(input, source_type).unwrap()"
---
export default defineRoute({
  async loader() {
    return { hello: "world" };
  },
});
